apple<-c('red', 'green', 'yellow')
> print(apple)
[1] "red"    "green"  "yellow"
> print(class(apple))
[1] "character"
> mylist<-list(x,y,z,gender,mydata)
Error: object 'x' not found

> mylist<-list(x,y,z,gender,mydata)
Error: object 'x' not found

> mylist<-list('x','y')
> mylist
[[1]]
[1] "x"

[[2]]
[1] "y"

> mylist{{1}}
Error: unexpected '{' in "mylist{"

> mylist[[1]]
[1] "x"
> x<-list(1.3, TRUE, "Hello", list(1:2,5))
> x
[[1]]
[1] 1.3

[[2]]
[1] TRUE

[[3]]
[1] "Hello"

[[4]]
[[4]][[1]]
[1] 1 2

[[4]][[2]]
[1] 5


> x[3]
[[1]]
[1] "Hello"

> x[[3]]
[1] "Hello"
> matrix(1:12,nrow=3,ncol=4)
     [,1] [,2] [,3] [,4]
[1,]    1    4    7   10
[2,]    2    5    8   11
[3,]    3    6    9   12
> matrix(1:12,nrow=3,byrow=TRUE)
     [,1] [,2] [,3] [,4]
[1,]    1    2    3    4
[2,]    5    6    7    8
[3,]    9   10   11   12
> diag(3)
     [,1] [,2] [,3]
[1,]    1    0    0
[2,]    0    1    0
[3,]    0    0    1
> 1:5%o%1:5
     [,1] [,2] [,3] [,4] [,5]
[1,]    1    2    3    4    5
[2,]    2    4    6    8   10
[3,]    3    6    9   12   15
[4,]    4    8   12   16   20
[5,]    5   10   15   20   25
> outer(1:3,1:4,"+")
     [,1] [,2] [,3] [,4]
[1,]    2    3    4    5
[2,]    3    4    5    6
[3,]    4    5    6    7
> arr = array(1:18,dim=c(2,3,3))
> arr
, , 1

     [,1] [,2] [,3]
[1,]    1    3    5
[2,]    2    4    6

, , 2

     [,1] [,2] [,3]
[1,]    7    9   11
[2,]    8   10   12

, , 3

     [,1] [,2] [,3]
[1,]   13   15   17
[2,]   14   16   18

> dim(array)
NULL
> dim(arr)
[1] 2 3 3
> arr[1,2,3]
[1] 15
> arr[,2,]
     [,1] [,2] [,3]
[1,]    3    9   15
[2,]    4   10   16
> arr[1,1,]=c(0,-1,-2)
> arr
, , 1

     [,1] [,2] [,3]
[1,]    0    3    5
[2,]    2    4    6

, , 2

     [,1] [,2] [,3]
[1,]   -1    9   11
[2,]    8   10   12

, , 3

     [,1] [,2] [,3]
[1,]   -2   15   17
[2,]   14   16   18

> arr[,,1,drop=FALSE]
, , 1

     [,1] [,2] [,3]
[1,]    0    3    5
[2,]    2    4    6

> arr
, , 1

     [,1] [,2] [,3]
[1,]    0    3    5
[2,]    2    4    6

, , 2

     [,1] [,2] [,3]
[1,]   -1    9   11
[2,]    8   10   12

, , 3

     [,1] [,2] [,3]
[1,]   -2   15   17
[2,]   14   16   18
